
> build
> prisma generate && next build

Loaded Prisma config from prisma.config.ts.

Prisma schema loaded from prisma\schema.prisma.

✔ Generated Prisma Client (v7.6.0) to .\node_modules\@prisma\client in 1.18s

Start by importing your Prisma Client (See: https://pris.ly/d/importing-client)


   ▲ Next.js 15.5.14
   - Environments: .env

   Creating an optimized production build ...
 ✓ Compiled successfully in 41s
   Linting and checking validity of types ...
   Collecting page data ...
   Generating static pages (0/24) ...
   Generating static pages (6/24) 
   Generating static pages (12/24) 
   Generating static pages (18/24) 
 ✓ Generating static pages (24/24)
   Finalizing page optimization ...
   Collecting build traces ...

Route (app)                                 Size  First Load JS
┌ ƒ /                                      158 B         102 kB
├ ƒ /_not-found                            995 B         103 kB
├ ƒ /admin/audit-log                     1.33 kB         116 kB
├ ƒ /admin/settings                        158 B         102 kB
├ ƒ /admin/users                         5.86 kB         121 kB
├ ƒ /admin/users/[id]                      162 B         106 kB
├ ƒ /api/admin/export                      158 B         102 kB
├ ƒ /api/admin/users                       158 B         102 kB
├ ƒ /api/admin/users/bulk-role             158 B         102 kB
├ ƒ /api/auth/[...nextauth]                158 B         102 kB
├ ƒ /api/comments                          158 B         102 kB
├ ƒ /api/dashboard/stats                   158 B         102 kB
├ ƒ /api/notifications                     158 B         102 kB
├ ƒ /api/notifications/[id]                158 B         102 kB
├ ƒ /api/notifications/unread              158 B         102 kB
├ ƒ /api/upload                            158 B         102 kB
├ ƒ /dashboard                           73.3 kB         188 kB
├ ƒ /issues                              5.77 kB         121 kB
├ ƒ /issues/[id]                         3.76 kB         119 kB
├ ƒ /issues/filter                         158 B         102 kB
├ ƒ /issues/new                           4.7 kB         116 kB
├ ƒ /issues/search                         158 B         102 kB
├ ƒ /login                               1.04 kB         116 kB
├ ƒ /logout                              1.02 kB         113 kB
├ ƒ /notifications                       4.49 kB         119 kB
└ ƒ /register                            1.04 kB         116 kB
+ First Load JS shared by all             102 kB
  ├ chunks/255-38b49df12a94ee57.js         46 kB
  ├ chunks/4bd1b696-c023c6e3521b1417.js  54.2 kB
  └ other shared chunks (total)          2.01 kB


ƒ  (Dynamic)  server-rendered on demand

